// Vitest Snapshot v1

exports[`light DOM snapshot 1`] = `
<vds-play-button
  aria-label="Play"
  aria-pressed="false"
  media-paused=""
  role="button"
  tabindex="0"
>
  
      
  <div
    class="play"
  />
  
      
  <div
    class="pause"
  />
  
    
</vds-play-button>
`;
