// Vitest Snapshot v1

exports[`light DOM snapshot 1`] = `
<vds-mute-button
  aria-label="Mute"
  aria-pressed="false"
  role="button"
  tabindex="0"
>
  
      
  <div
    class="mute"
  />
  
      
  <div
    class="unmute"
  />
  
    
</vds-mute-button>
`;
