// Vitest Snapshot v1

exports[`should render light DOM 1`] = `
<vds-fullscreen-button
  aria-label="Fullscreen"
  aria-pressed="false"
  hidden=""
  role="button"
  tabindex="0"
>
  
      
  <div
    class="enter"
  />
  
      
  <div
    class="exit"
  />
  
    
</vds-fullscreen-button>
`;
