// Vitest Snapshot v1

exports[`should SSR vds-aspect-ratio 1`] = `"<vds-aspect-ratio><template shadowroot=\\"open\\"><style>:host{display:block}:host([hidden]){display:none}.container{position:relative;width:100%;height:0;padding-bottom:min(max(var(--vds-aspect-ratio-min-height),var(--vds-aspect-ratio-percent)),var(--vds-aspect-ratio-max-height))}slot{display:block;position:absolute;top:0;left:0;width:100%;height:100%}::slotted(*){--vds-video-width:100%;--vds-video-height:100%;width:100%;height:100%}</style><!--lit-part xwe/eRkxSXY=--><div class=\\"container\\" style=\\"--vds-aspect-ratio-percent:50%;--vds-aspect-ratio-min-height:150px;--vds-aspect-ratio-max-height:100vh;\\"><!--lit-node 0--><slot></slot></div><!--/lit-part--></template></vds-aspect-ratio>"`;

exports[`should SSR vds-audio 1`] = `"<vds-audio><template shadowroot=\\"open\\"><style>:host{display:inline-block}:host([hidden]){display:none}</style><!--lit-part RKsLzNR31Mg=--><slot ><!--lit-node 0--></slot><!--/lit-part--></template></vds-audio>"`;

exports[`should SSR vds-fullscreen-button 1`] = `"<vds-fullscreen-button><template shadowroot=\\"open\\"><style>:host{display:table;contain:content;user-select:none;cursor:pointer;-webkit-user-select:none;-webkit-tap-highlight-color:transparent}:host([hidden]){display:none}:host(:focus){outline:0}:host(:focus-visible){outline:1px auto Highlight;outline:1px auto -webkit-focus-ring-color}:host(.focus-visible){outline:1px auto Highlight;outline:1px auto -webkit-focus-ring-color}</style><!--lit-part Pz0gobCCM4E=--><slot></slot><!--/lit-part--></template></vds-fullscreen-button>"`;

exports[`should SSR vds-gesture 1`] = `"<vds-gesture><template shadowroot=\\"open\\"><style>:host{display:block;contain:content;z-index:0;opacity:0;visibility:hidden;pointer-events:none!important}:host([hidden]){display:none}</style><!--lit-part--><!--/lit-part--></template></vds-gesture>"`;

exports[`should SSR vds-hls 1`] = `"<vds-hls><template shadowroot=\\"open\\"><style>:host{display:inline-block;background-color:var(--vds-video-bg-color,#000)}:host([hidden]){display:none}::slotted(video:not([width])){width:var(--vds-video-width,100%)}::slotted(video:not([height])){height:var(--vds-video-height,auto)}</style><!--lit-part RKsLzNR31Mg=--><slot ><!--lit-node 0--></slot><!--/lit-part--></template></vds-hls>"`;

exports[`should SSR vds-media 1`] = `"<vds-media><template shadowroot=\\"open\\"><style>:host{display:inline-block;position:relative;contain:content}:host([hidden]){display:none}</style><!--lit-part Pz0gobCCM4E=--><slot></slot><!--/lit-part--></template></vds-media>"`;

exports[`should SSR vds-media-sync 1`] = `"<vds-media-sync><template shadowroot=\\"open\\"><style>:host{display:contents}</style><!--lit-part Pz0gobCCM4E=--><slot></slot><!--/lit-part--></template></vds-media-sync>"`;

exports[`should SSR vds-media-visibility 1`] = `"<vds-media-visibility><template shadowroot=\\"open\\"><style>:host{display:contents}</style><!--lit-part Pz0gobCCM4E=--><slot></slot><!--/lit-part--></template></vds-media-visibility>"`;

exports[`should SSR vds-mute-button 1`] = `"<vds-mute-button><template shadowroot=\\"open\\"><style>:host{display:table;contain:content;user-select:none;cursor:pointer;-webkit-user-select:none;-webkit-tap-highlight-color:transparent}:host([hidden]){display:none}:host(:focus){outline:0}:host(:focus-visible){outline:1px auto Highlight;outline:1px auto -webkit-focus-ring-color}:host(.focus-visible){outline:1px auto Highlight;outline:1px auto -webkit-focus-ring-color}</style><!--lit-part Pz0gobCCM4E=--><slot></slot><!--/lit-part--></template></vds-mute-button>"`;

exports[`should SSR vds-play-button 1`] = `"<vds-play-button><template shadowroot=\\"open\\"><style>:host{display:table;contain:content;user-select:none;cursor:pointer;-webkit-user-select:none;-webkit-tap-highlight-color:transparent}:host([hidden]){display:none}:host(:focus){outline:0}:host(:focus-visible){outline:1px auto Highlight;outline:1px auto -webkit-focus-ring-color}:host(.focus-visible){outline:1px auto Highlight;outline:1px auto -webkit-focus-ring-color}</style><!--lit-part Pz0gobCCM4E=--><slot></slot><!--/lit-part--></template></vds-play-button>"`;

exports[`should SSR vds-poster 1`] = `"<vds-poster><template shadowroot=\\"open\\"><style>:host{display:block;contain:content;pointer-events:none;object-fit:cover;box-sizing:border-box}:host([hidden]){display:none}img{display:block;width:100%;height:100%;pointer-events:none;object-fit:inherit;object-position:inherit;user-select:none;-webkit-user-select:none;box-sizing:border-box}</style><!--lit-part AEQfBc2t+jw=--><img part=\\"img\\"    ><!--lit-node 0--><!--/lit-part--></template></vds-poster>"`;

exports[`should SSR vds-slider 1`] = `"<vds-slider aria-valuemin=\\"0\\" aria-valuenow=\\"50\\" aria-valuemax=\\"100\\" aria-valuetext=\\"50%\\"><template shadowroot=\\"open\\"><style>*{box-sizing:border-box;touch-action:none}:host{display:block;contain:layout;user-select:none;-webkit-user-select:none;-webkit-tap-highlight-color:transparent}:host([hidden]){display:none}:host(:focus){outline:0}:host(:focus-visible){outline:1px auto Highlight;outline:1px auto -webkit-focus-ring-color}:host(.focus-visible){outline:1px auto Highlight;outline:1px auto -webkit-focus-ring-color}</style><!--lit-part BRUAAAUVAAA=--><!--lit-part Pz0gobCCM4E=--><slot></slot><!--/lit-part--><?><!--/lit-part--></template></vds-slider>"`;

exports[`should SSR vds-slider-value-text 1`] = `"<vds-slider-value-text><template shadowroot=\\"open\\"><style>:host{display:inline-block;contain:content}:host([hidden]){display:none}</style><!--lit-part BRUAAAUVAAA=--><!--lit-part-->0<!--/lit-part--><?><!--/lit-part--></template></vds-slider-value-text>"`;

exports[`should SSR vds-slider-video 1`] = `"<vds-slider-video><template shadowroot=\\"open\\"><style>:host{display:inline-block;contain:content}:host([hidden]){display:none}video{display:block;width:100%;height:auto}</style><!--lit-part tEqLJ28ErIQ=--><video part=\\"video\\" muted playsinline preload=\\"auto\\"    ><!--lit-node 0--></video><!--/lit-part--></template></vds-slider-video>"`;

exports[`should SSR vds-time 1`] = `"<vds-time><template shadowroot=\\"open\\"><style>:host{display:inline-block;contain:content}:host([hidden]){display:none}</style><!--lit-part BRUAAAUVAAA=--><!--lit-part-->0:00<!--/lit-part--><?><!--/lit-part--></template></vds-time>"`;

exports[`should SSR vds-time-slider 1`] = `"<vds-time-slider aria-valuemin=\\"0%\\" aria-valuenow=\\"0%\\" aria-valuemax=\\"100%\\" aria-valuetext=\\"0 seconds out of 0 seconds\\"><template shadowroot=\\"open\\"><style>*{box-sizing:border-box;touch-action:none}:host{display:block;contain:layout;user-select:none;-webkit-user-select:none;-webkit-tap-highlight-color:transparent}:host([hidden]){display:none}:host(:focus){outline:0}:host(:focus-visible){outline:1px auto Highlight;outline:1px auto -webkit-focus-ring-color}:host(.focus-visible){outline:1px auto Highlight;outline:1px auto -webkit-focus-ring-color}</style><!--lit-part BRUAAAUVAAA=--><!--lit-part Pz0gobCCM4E=--><slot></slot><!--/lit-part--><?><!--/lit-part--></template></vds-time-slider>"`;

exports[`should SSR vds-toggle-button 1`] = `"<vds-toggle-button><template shadowroot=\\"open\\"><style>:host{display:table;contain:content;user-select:none;cursor:pointer;-webkit-user-select:none;-webkit-tap-highlight-color:transparent}:host([hidden]){display:none}:host(:focus){outline:0}:host(:focus-visible){outline:1px auto Highlight;outline:1px auto -webkit-focus-ring-color}:host(.focus-visible){outline:1px auto Highlight;outline:1px auto -webkit-focus-ring-color}</style><!--lit-part Pz0gobCCM4E=--><slot></slot><!--/lit-part--></template></vds-toggle-button>"`;

exports[`should SSR vds-video 1`] = `"<vds-video><template shadowroot=\\"open\\"><style>:host{display:inline-block;background-color:var(--vds-video-bg-color,#000)}:host([hidden]){display:none}::slotted(video:not([width])){width:var(--vds-video-width,100%)}::slotted(video:not([height])){height:var(--vds-video-height,auto)}</style><!--lit-part RKsLzNR31Mg=--><slot ><!--lit-node 0--></slot><!--/lit-part--></template></vds-video>"`;

exports[`should SSR vds-volume-slider 1`] = `"<vds-volume-slider aria-valuemin=\\"0\\" aria-valuenow=\\"100\\" aria-valuemax=\\"100\\" aria-valuetext=\\"100%\\"><template shadowroot=\\"open\\"><style>*{box-sizing:border-box;touch-action:none}:host{display:block;contain:layout;user-select:none;-webkit-user-select:none;-webkit-tap-highlight-color:transparent}:host([hidden]){display:none}:host(:focus){outline:0}:host(:focus-visible){outline:1px auto Highlight;outline:1px auto -webkit-focus-ring-color}:host(.focus-visible){outline:1px auto Highlight;outline:1px auto -webkit-focus-ring-color}</style><!--lit-part BRUAAAUVAAA=--><!--lit-part Pz0gobCCM4E=--><slot></slot><!--/lit-part--><?><!--/lit-part--></template></vds-volume-slider>"`;
